ARM Linker, 4.1 [Build 894] [Evaluation]

==============================================================================

Section Cross References

    system_nuc1xx.o(.text) refers to aeabi_sdiv.o(.text) for __aeabi_uidivmod
    system_nuc1xx.o(.text) refers to system_nuc1xx.o(.data) for gau32ClkSrcTbl
    startup_nuc1xx.o(STACK) refers (Special) to heapauxi.o(.text) for __use_two_region_memory
    startup_nuc1xx.o(HEAP) refers (Special) to heapauxi.o(.text) for __use_two_region_memory
    startup_nuc1xx.o(RESET) refers (Special) to heapauxi.o(.text) for __use_two_region_memory
    startup_nuc1xx.o(RESET) refers to startup_nuc1xx.o(STACK) for __initial_sp
    startup_nuc1xx.o(RESET) refers to startup_nuc1xx.o(.text) for Reset_Handler
    startup_nuc1xx.o(RESET) refers to drvsys.o(.text) for BOD_IRQHandler
    startup_nuc1xx.o(RESET) refers to drvgpio.o(.text) for EINT0_IRQHandler
    startup_nuc1xx.o(.text) refers (Special) to heapauxi.o(.text) for __use_two_region_memory
    startup_nuc1xx.o(.text) refers to system_nuc1xx.o(.text) for SystemInit
    startup_nuc1xx.o(.text) refers to __main.o(!!!main) for __main
    startup_nuc1xx.o(.text) refers to startup_nuc1xx.o(HEAP) for Heap_Mem
    startup_nuc1xx.o(.text) refers to startup_nuc1xx.o(STACK) for Stack_Mem
    scankey.o(.text) refers to drvgpio.o(.text) for DrvGPIO_Open
    scankey.o(.text) refers to scankey.o(.constdata) for .constdata
    lcd_driver.o(.text) refers to drvgpio.o(.text) for DrvGPIO_Open
    lcd_driver.o(.text) refers to lcd_driver.o(.data) for SPI_PORT
    lcd_driver.o(.text) refers to ascii_table.o(.data) for Ascii
    seven_segment.o(.text) refers to drvgpio.o(.text) for DrvGPIO_SetBit
    seven_segment.o(.text) refers to seven_segment.o(.data) for SEG_BUF
    final_project_crab_coco_main.o(.text) refers to aeabi_sdiv.o(.text) for __aeabi_idivmod
    final_project_crab_coco_main.o(.text) refers to seven_segment.o(.text) for close_seven_segment
    final_project_crab_coco_main.o(.text) refers to drvsys.o(.text) for DrvSYS_Delay
    final_project_crab_coco_main.o(.text) refers to lcd_driver.o(.text) for draw_LCD
    final_project_crab_coco_main.o(.text) refers to scankey.o(.text) for OpenKeyPad
    final_project_crab_coco_main.o(.text) refers to drvgpio.o(.text) for DrvGPIO_EnableInt
    final_project_crab_coco_main.o(.text) refers to rand.o(.text) for srand
    final_project_crab_coco_main.o(.text) refers to rand.o(.emb_text) for rand
    final_project_crab_coco_main.o(.text) refers to 2d_graphic_driver.o(.text) for CircleBresenham
    final_project_crab_coco_main.o(.text) refers to rt_memclr.o(.text) for __aeabi_memclr
    final_project_crab_coco_main.o(.text) refers to final_project_crab_coco_main.o(.data) for idk
    final_project_crab_coco_main.o(.text) refers to final_project_crab_coco_main.o(.bss) for DisplayBuf
    2d_graphic_driver.o(.text) refers to 2d_graphic_driver.o(i.__ARM_common_switch8) for __ARM_common_switch8
    2d_graphic_driver.o(.text) refers to final_project_crab_coco_main.o(.bss) for DisplayBuf
    drvgpio.o(.text) refers to drvgpio.o(.data) for _pfGPABCallback
    drvgpio.o(.text) refers to 2d_graphic_driver.o(i.__ARM_common_switch8) for __ARM_common_switch8
    drvsys.o(.text) refers to system_nuc1xx.o(.text) for SystemCoreClockUpdate
    drvsys.o(.text) refers to 2d_graphic_driver.o(i.__ARM_common_switch8) for __ARM_common_switch8
    drvsys.o(.text) refers to drvsys.o(.data) for BOD_callbackFn
    drvsys.o(.text) refers to aeabi_sdiv.o(.text) for __aeabi_uidivmod
    drvsys.o(.text) refers to drvsys.o(.constdata) for .constdata
    drvsys.o(.text) refers to system_nuc1xx.o(.data) for CyclesPerUs
    rand.o(.emb_text) refers (Special) to libinit2.o(.ARM.Collect$$libinit$$00000009) for __rt_lib_init_rand_2
    rand.o(.emb_text) refers to rand.o(.text) for _rand_init
    rand.o(.emb_text) refers to rand.o(.bss) for _random_number_data
    rand.o(.text) refers (Special) to libinit2.o(.ARM.Collect$$libinit$$00000009) for __rt_lib_init_rand_2
    rand.o(.text) refers to rand.o(.bss) for .bss
    rand.o(.bss) refers (Special) to libinit2.o(.ARM.Collect$$libinit$$00000009) for __rt_lib_init_rand_2
    __main.o(!!!main) refers to rtentry.o(.ARM.Collect$$rtentry$$00000000) for __rt_entry
    rtentry.o(.ARM.Collect$$rtentry$$00000000) refers (Special) to rtentry2.o(.ARM.Collect$$rtentry$$0000000A) for __rt_entry_li
    rtentry.o(.ARM.Collect$$rtentry$$00000000) refers (Special) to rtentry2.o(.ARM.Collect$$rtentry$$0000000D) for __rt_entry_main
    rtentry.o(.ARM.Collect$$rtentry$$00000000) refers (Special) to rtentry2.o(.ARM.Collect$$rtentry$$0000000C) for __rt_entry_postli_1
    rtentry.o(.ARM.Collect$$rtentry$$00000000) refers (Special) to rtentry2.o(.ARM.Collect$$rtentry$$00000009) for __rt_entry_postsh_1
    rtentry.o(.ARM.Collect$$rtentry$$00000000) refers (Special) to rtentry2.o(.ARM.Collect$$rtentry$$00000002) for __rt_entry_presh_1
    rtentry.o(.ARM.Collect$$rtentry$$00000000) refers (Special) to rtentry4.o(.ARM.Collect$$rtentry$$00000004) for __rt_entry_sh
    aeabi_idiv0_sigfpe.o(.text) refers to rt_div0.o(.text) for __rt_div0
    libinit2.o(.ARM.Collect$$libinit$$00000009) refers (Weak) to rand.o(.text) for _rand_init
    libinit2.o(.ARM.Collect$$libinit$$0000000C) refers to libinit2.o(.ARM.Collect$$libinit$$0000000B) for .ARM.Collect$$libinit$$0000000B
    libinit2.o(.ARM.Collect$$libinit$$0000000E) refers to libinit2.o(.ARM.Collect$$libinit$$0000000B) for .ARM.Collect$$libinit$$0000000B
    libinit2.o(.ARM.Collect$$libinit$$00000010) refers to libinit2.o(.ARM.Collect$$libinit$$0000000B) for .ARM.Collect$$libinit$$0000000B
    libinit2.o(.ARM.Collect$$libinit$$00000012) refers to libinit2.o(.ARM.Collect$$libinit$$0000000B) for .ARM.Collect$$libinit$$0000000B
    libinit2.o(.ARM.Collect$$libinit$$00000014) refers to libinit2.o(.ARM.Collect$$libinit$$0000000B) for .ARM.Collect$$libinit$$0000000B
    libinit2.o(.ARM.Collect$$libinit$$00000022) refers to argv_veneer.o(.text) for __ARM_argv_veneer
    libinit2.o(.ARM.Collect$$libinit$$00000023) refers to argv_veneer.o(.text) for __ARM_argv_veneer
    rtentry2.o(.ARM.Collect$$rtentry$$00000008) refers to boardinit2.o(.text) for _platform_post_stackheap_init
    rtentry2.o(.ARM.Collect$$rtentry$$0000000A) refers to libinit.o(.ARM.Collect$$libinit$$00000000) for __rt_lib_init
    rtentry2.o(.ARM.Collect$$rtentry$$0000000B) refers to boardinit3.o(.text) for _platform_post_lib_init
    rtentry2.o(.ARM.Collect$$rtentry$$0000000D) refers to final_project_crab_coco_main.o(.text) for main
    rtentry2.o(.ARM.Collect$$rtentry$$0000000D) refers to exit.o(.text) for exit
    rtentry2.o(.ARM.exidx) refers to rtentry2.o(.ARM.Collect$$rtentry$$00000001) for .ARM.Collect$$rtentry$$00000001
    rtentry2.o(.ARM.exidx) refers to rtentry2.o(.ARM.Collect$$rtentry$$00000008) for .ARM.Collect$$rtentry$$00000008
    rtentry2.o(.ARM.exidx) refers to rtentry2.o(.ARM.Collect$$rtentry$$0000000A) for .ARM.Collect$$rtentry$$0000000A
    rtentry2.o(.ARM.exidx) refers to rtentry2.o(.ARM.Collect$$rtentry$$0000000B) for .ARM.Collect$$rtentry$$0000000B
    rtentry2.o(.ARM.exidx) refers to rtentry2.o(.ARM.Collect$$rtentry$$0000000D) for .ARM.Collect$$rtentry$$0000000D
    rtentry4.o(.ARM.Collect$$rtentry$$00000004) refers to sys_stackheap_outer.o(.text) for __user_setup_stackheap
    rtentry4.o(.ARM.exidx) refers to rtentry4.o(.ARM.Collect$$rtentry$$00000004) for .ARM.Collect$$rtentry$$00000004
    rt_div0.o(.text) refers to defsig_fpe_outer.o(.text) for __rt_SIGFPE
    sys_stackheap_outer.o(.text) refers to libspace.o(.text) for __user_perproc_libspace
    sys_stackheap_outer.o(.text) refers to startup_nuc1xx.o(.text) for __user_initial_stackheap
    sys_stackheap_outer.o(__vectab_stack_and_reset_area) refers to tempstk.o(.text) for __temporary_stack_top
    sys_stackheap_outer.o(__vectab_stack_and_reset_area) refers to __main.o(!!!main) for __main
    exit.o(.text) refers to rtexit.o(.ARM.Collect$$rtexit$$00000000) for __rt_exit
    defsig_fpe_outer.o(.text) refers to defsig_fpe_inner.o(.text) for __rt_SIGFPE_inner
    defsig_fpe_outer.o(.text) refers to defsig_exit.o(.text) for __sig_exit
    defsig_fpe_formal.o(.text) refers to rt_raise.o(.text) for __rt_raise
    _get_argv_nomalloc.o(.text) refers (Special) to hrguard.o(.text) for __heap_region$guard
    _get_argv_nomalloc.o(.text) refers to defsig_rtmem_outer.o(.text) for __rt_SIGRTMEM
    _get_argv_nomalloc.o(.text) refers to sys_command.o(.text) for _sys_command_string
    libinit.o(.ARM.Collect$$libinit$$00000000) refers (Special) to libinit2.o(.ARM.Collect$$libinit$$0000002A) for __rt_lib_init_alloca_1
    libinit.o(.ARM.Collect$$libinit$$00000000) refers (Special) to libinit2.o(.ARM.Collect$$libinit$$00000028) for __rt_lib_init_argv_1
    libinit.o(.ARM.Collect$$libinit$$00000000) refers (Special) to libinit2.o(.ARM.Collect$$libinit$$00000017) for __rt_lib_init_atexit_1
    libinit.o(.ARM.Collect$$libinit$$00000000) refers (Special) to libinit2.o(.ARM.Collect$$libinit$$0000001D) for __rt_lib_init_clock_1
    libinit.o(.ARM.Collect$$libinit$$00000000) refers (Special) to libinit2.o(.ARM.Collect$$libinit$$0000002E) for __rt_lib_init_cpp_1
    libinit.o(.ARM.Collect$$libinit$$00000000) refers (Special) to libinit2.o(.ARM.Collect$$libinit$$0000002C) for __rt_lib_init_exceptions_1
    libinit.o(.ARM.Collect$$libinit$$00000000) refers (Special) to libinit2.o(.ARM.Collect$$libinit$$0000001B) for __rt_lib_init_fp_trap_1
    libinit.o(.ARM.Collect$$libinit$$00000000) refers (Special) to libinit2.o(.ARM.Collect$$libinit$$0000001F) for __rt_lib_init_getenv_1
    libinit.o(.ARM.Collect$$libinit$$00000000) refers (Special) to libinit2.o(.ARM.Collect$$libinit$$00000006) for __rt_lib_init_heap_1
    libinit.o(.ARM.Collect$$libinit$$00000000) refers (Special) to libinit2.o(.ARM.Collect$$libinit$$0000000D) for __rt_lib_init_lc_collate_1
    libinit.o(.ARM.Collect$$libinit$$00000000) refers (Special) to libinit2.o(.ARM.Collect$$libinit$$0000000F) for __rt_lib_init_lc_ctype_1
    libinit.o(.ARM.Collect$$libinit$$00000000) refers (Special) to libinit2.o(.ARM.Collect$$libinit$$00000011) for __rt_lib_init_lc_monetary_1
    libinit.o(.ARM.Collect$$libinit$$00000000) refers (Special) to libinit2.o(.ARM.Collect$$libinit$$00000013) for __rt_lib_init_lc_numeric_1
    libinit.o(.ARM.Collect$$libinit$$00000000) refers (Special) to libinit2.o(.ARM.Collect$$libinit$$00000015) for __rt_lib_init_lc_time_1
    libinit.o(.ARM.Collect$$libinit$$00000000) refers (Special) to libinit2.o(.ARM.Collect$$libinit$$0000000A) for __rt_lib_init_rand_1
    libinit.o(.ARM.Collect$$libinit$$00000000) refers (Special) to libinit2.o(.ARM.Collect$$libinit$$0000002F) for __rt_lib_init_return
    libinit.o(.ARM.Collect$$libinit$$00000000) refers (Special) to libinit2.o(.ARM.Collect$$libinit$$00000019) for __rt_lib_init_signal_1
    libinit.o(.ARM.Collect$$libinit$$00000000) refers (Special) to libinit2.o(.ARM.Collect$$libinit$$00000021) for __rt_lib_init_stdio_1
    libinit.o(.ARM.Collect$$libinit$$00000000) refers (Special) to libinit2.o(.ARM.Collect$$libinit$$00000008) for __rt_lib_init_user_alloc_1
    sys_command.o(.text) refers (Special) to use_no_semi.o(.text) for __I$use$semihosting
    sys_command.o(.text) refers (Special) to indicate_semi.o(.text) for __semihosting_library_function
    libspace.o(.text) refers to libspace.o(.bss) for __libspace_start
    rtexit.o(.ARM.Collect$$rtexit$$00000000) refers (Special) to rtexit2.o(.ARM.Collect$$rtexit$$00000004) for __rt_exit_exit
    rtexit.o(.ARM.Collect$$rtexit$$00000000) refers (Special) to rtexit2.o(.ARM.Collect$$rtexit$$00000003) for __rt_exit_ls
    rtexit.o(.ARM.Collect$$rtexit$$00000000) refers (Special) to rtexit2.o(.ARM.Collect$$rtexit$$00000002) for __rt_exit_prels_1
    rtexit.o(.ARM.exidx) refers (Special) to rtexit2.o(.ARM.Collect$$rtexit$$00000004) for __rt_exit_exit
    rtexit.o(.ARM.exidx) refers (Special) to rtexit2.o(.ARM.Collect$$rtexit$$00000003) for __rt_exit_ls
    rtexit.o(.ARM.exidx) refers (Special) to rtexit2.o(.ARM.Collect$$rtexit$$00000002) for __rt_exit_prels_1
    rtexit.o(.ARM.exidx) refers to rtexit.o(.ARM.Collect$$rtexit$$00000000) for .ARM.Collect$$rtexit$$00000000
    rt_raise.o(.text) refers to __raise.o(.text) for __raise
    rt_raise.o(.text) refers to sys_exit.o(.text) for _sys_exit
    defsig_exit.o(.text) refers to sys_exit.o(.text) for _sys_exit
    defsig_fpe_inner.o(.text) refers to defsig_general.o(.text) for __default_signal_display
    defsig_rtmem_outer.o(.text) refers to defsig_rtmem_inner.o(.text) for __rt_SIGRTMEM_inner
    defsig_rtmem_outer.o(.text) refers to defsig_exit.o(.text) for __sig_exit
    defsig_rtmem_formal.o(.text) refers to rt_raise.o(.text) for __rt_raise
    sys_exit.o(.text) refers (Special) to use_no_semi.o(.text) for __I$use$semihosting
    sys_exit.o(.text) refers (Special) to indicate_semi.o(.text) for __semihosting_library_function
    rtexit2.o(.ARM.Collect$$rtexit$$00000003) refers to libshutdown.o(.ARM.Collect$$libshutdown$$00000000) for __rt_lib_shutdown
    rtexit2.o(.ARM.Collect$$rtexit$$00000004) refers to sys_exit.o(.text) for _sys_exit
    rtexit2.o(.ARM.exidx) refers to rtexit2.o(.ARM.Collect$$rtexit$$00000001) for .ARM.Collect$$rtexit$$00000001
    rtexit2.o(.ARM.exidx) refers to rtexit2.o(.ARM.Collect$$rtexit$$00000003) for .ARM.Collect$$rtexit$$00000003
    rtexit2.o(.ARM.exidx) refers to rtexit2.o(.ARM.Collect$$rtexit$$00000004) for .ARM.Collect$$rtexit$$00000004
    __raise.o(.text) refers to defsig.o(CL$$defsig) for __default_signal_handler
    defsig_general.o(.text) refers to sys_wrch.o(.text) for _ttywrch
    defsig_rtmem_inner.o(.text) refers to defsig_general.o(.text) for __default_signal_display
    sys_wrch.o(.text) refers (Special) to use_no_semi.o(.text) for __I$use$semihosting
    sys_wrch.o(.text) refers (Special) to indicate_semi.o(.text) for __semihosting_library_function
    defsig.o(CL$$defsig) refers to defsig_fpe_inner.o(.text) for __rt_SIGFPE_inner
    defsig.o(CL$$defsig) refers to defsig_rtmem_inner.o(.text) for __rt_SIGRTMEM_inner
    libshutdown.o(.ARM.Collect$$libshutdown$$00000000) refers (Special) to libshutdown2.o(.ARM.Collect$$libshutdown$$00000006) for __rt_lib_shutdown_fp_trap_1
    libshutdown.o(.ARM.Collect$$libshutdown$$00000000) refers (Special) to libshutdown2.o(.ARM.Collect$$libshutdown$$0000000E) for __rt_lib_shutdown_heap_1
    libshutdown.o(.ARM.Collect$$libshutdown$$00000000) refers (Special) to libshutdown2.o(.ARM.Collect$$libshutdown$$0000000F) for __rt_lib_shutdown_return
    libshutdown.o(.ARM.Collect$$libshutdown$$00000000) refers (Special) to libshutdown2.o(.ARM.Collect$$libshutdown$$00000009) for __rt_lib_shutdown_signal_1
    libshutdown.o(.ARM.Collect$$libshutdown$$00000000) refers (Special) to libshutdown2.o(.ARM.Collect$$libshutdown$$00000003) for __rt_lib_shutdown_stdio_1
    libshutdown.o(.ARM.Collect$$libshutdown$$00000000) refers (Special) to libshutdown2.o(.ARM.Collect$$libshutdown$$0000000B) for __rt_lib_shutdown_user_alloc_1
    defsig_abrt_inner.o(.text) refers to defsig_general.o(.text) for __default_signal_display
    defsig_rtred_inner.o(.text) refers to defsig_general.o(.text) for __default_signal_display
    defsig_stak_inner.o(.text) refers to defsig_general.o(.text) for __default_signal_display
    defsig_pvfn_inner.o(.text) refers to defsig_general.o(.text) for __default_signal_display
    defsig_cppl_inner.o(.text) refers to defsig_general.o(.text) for __default_signal_display
    defsig_segv_inner.o(.text) refers to defsig_general.o(.text) for __default_signal_display
    defsig_other.o(.text) refers to defsig_general.o(.text) for __default_signal_display


==============================================================================

Removing Unused input sections from the image.

    Removing core_cm0.o(.emb_text), (32 bytes).

1 unused section(s) (total 32 bytes) removed from the image.

==============================================================================

Image Symbol Table

    Local Symbols

    Symbol Name                              Value     Ov Type        Size  Object(Section)

    RESET                                    0x00000000   Section      192  startup_nuc1xx.o(RESET)
    ../../../cmprslib/zerorunl2.c            0x00000000   Number         0  __dczerorl2.o ABSOLUTE
    ../../angel/boardlib.s                   0x00000000   Number         0  boardinit2.o ABSOLUTE
    ../../angel/boardlib.s                   0x00000000   Number         0  boardinit1.o ABSOLUTE
    ../../angel/boardlib.s                   0x00000000   Number         0  boardinit3.o ABSOLUTE
    ../../angel/boardlib.s                   0x00000000   Number         0  boardshut.o ABSOLUTE
    ../../angel/handlers.s                   0x00000000   Number         0  __scatter_zi.o ABSOLUTE
    ../../angel/kernel.s                     0x00000000   Number         0  rtexit.o ABSOLUTE
    ../../angel/kernel.s                     0x00000000   Number         0  rtentry4.o ABSOLUTE
    ../../angel/kernel.s                     0x00000000   Number         0  rtentry2.o ABSOLUTE
    ../../angel/kernel.s                     0x00000000   Number         0  rtexit2.o ABSOLUTE
    ../../angel/kernel.s                     0x00000000   Number         0  rtentry.o ABSOLUTE
    ../../angel/rt.s                         0x00000000   Number         0  rt_raise.o ABSOLUTE
    ../../angel/rt.s                         0x00000000   Number         0  rt_div0.o ABSOLUTE
    ../../angel/rt.s                         0x00000000   Number         0  aeabi_idiv0_sigfpe.o ABSOLUTE
    ../../angel/rt.s                         0x00000000   Number         0  aeabi_idiv0.o ABSOLUTE
    ../../angel/scatterp.s                   0x00000000   Number         0  __scatter.o ABSOLUTE
    ../../angel/startup.s                    0x00000000   Number         0  __main.o ABSOLUTE
    ../../angel/sys.s                        0x00000000   Number         0  libspace.o ABSOLUTE
    ../../angel/sys.s                        0x00000000   Number         0  tempstk.o ABSOLUTE
    ../../angel/sys.s                        0x00000000   Number         0  sys_stackheap_outer.o ABSOLUTE
    ../../angel/sys.s                        0x00000000   Number         0  use_no_semi.o ABSOLUTE
    ../../angel/sys.s                        0x00000000   Number         0  indicate_semi.o ABSOLUTE
    ../../angel/sysapp.c                     0x00000000   Number         0  sys_command.o ABSOLUTE
    ../../angel/sysapp.c                     0x00000000   Number         0  sys_exit.o ABSOLUTE
    ../../angel/sysapp.c                     0x00000000   Number         0  sys_wrch.o ABSOLUTE
    ../../armsys.c                           0x00000000   Number         0  no_argv.o ABSOLUTE
    ../../armsys.c                           0x00000000   Number         0  _get_argv_nomalloc.o ABSOLUTE
    ../../armsys.c                           0x00000000   Number         0  argv_veneer.o ABSOLUTE
    ../../cfplib/fpinit.c                    0x00000000   Number         0  fpinit.o ABSOLUTE
    ../../division.s                         0x00000000   Number         0  aeabi_sdiv_div0.o ABSOLUTE
    ../../division.s                         0x00000000   Number         0  aeabi_sdiv.o ABSOLUTE
    ../../heapalloc.c                        0x00000000   Number         0  hrguard.o ABSOLUTE
    ../../heapaux.c                          0x00000000   Number         0  heapauxi.o ABSOLUTE
    ../../libinit.s                          0x00000000   Number         0  libshutdown2.o ABSOLUTE
    ../../libinit.s                          0x00000000   Number         0  libshutdown.o ABSOLUTE
    ../../libinit.s                          0x00000000   Number         0  libinit.o ABSOLUTE
    ../../libinit.s                          0x00000000   Number         0  libinit2.o ABSOLUTE
    ../../memcpset.c                         0x00000000   Number         0  rt_memclr.o ABSOLUTE
    ../../signal.c                           0x00000000   Number         0  defsig_rtmem_inner.o ABSOLUTE
    ../../signal.c                           0x00000000   Number         0  defsig_segv_inner.o ABSOLUTE
    ../../signal.c                           0x00000000   Number         0  defsig_fpe_formal.o ABSOLUTE
    ../../signal.c                           0x00000000   Number         0  defsig_fpe_outer.o ABSOLUTE
    ../../signal.c                           0x00000000   Number         0  defsig_stak_inner.o ABSOLUTE
    ../../signal.c                           0x00000000   Number         0  defsig_cppl_inner.o ABSOLUTE
    ../../signal.c                           0x00000000   Number         0  defsig_pvfn_inner.o ABSOLUTE
    ../../signal.c                           0x00000000   Number         0  defsig_rtred_inner.o ABSOLUTE
    ../../signal.c                           0x00000000   Number         0  defsig_abrt_inner.o ABSOLUTE
    ../../signal.c                           0x00000000   Number         0  defsig_rtmem_formal.o ABSOLUTE
    ../../signal.c                           0x00000000   Number         0  defsig_rtmem_outer.o ABSOLUTE
    ../../signal.c                           0x00000000   Number         0  defsig_fpe_inner.o ABSOLUTE
    ../../signal.c                           0x00000000   Number         0  defsig_exit.o ABSOLUTE
    ../../signal.c                           0x00000000   Number         0  defsig_other.o ABSOLUTE
    ../../signal.c                           0x00000000   Number         0  defsig_general.o ABSOLUTE
    ../../signal.c                           0x00000000   Number         0  __raise.o ABSOLUTE
    ../../signal.s                           0x00000000   Number         0  defsig.o ABSOLUTE
    ../../stdlib.c                           0x00000000   Number         0  rand.o ABSOLUTE
    ../../stdlib.c                           0x00000000   Number         0  exit.o ABSOLUTE
    ../../stdlib.c                           0x00000000   Number         0  rand.o ABSOLUTE
    ..\..\..\..\CMSIS\CM0\CoreSupport\core_cm0.c 0x00000000   Number         0  core_cm0.o ABSOLUTE
    ..\..\..\..\CMSIS\CM0\DeviceSupport\Nuvoton\NUC1xx\startup\arm\startup_NUC1xx.s 0x00000000   Number         0  startup_nuc1xx.o ABSOLUTE
    ..\..\..\..\CMSIS\CM0\DeviceSupport\Nuvoton\NUC1xx\system_NUC1xx.c 0x00000000   Number         0  system_nuc1xx.o ABSOLUTE
    ..\..\..\Src\Driver\DrvGPIO.c            0x00000000   Number         0  drvgpio.o ABSOLUTE
    ..\..\..\Src\Driver\DrvSYS.c             0x00000000   Number         0  drvsys.o ABSOLUTE
    ..\..\..\Src\NUC1xx-LB_002\Ascii_Table.C 0x00000000   Number         0  ascii_table.o ABSOLUTE
    ..\..\..\Src\NUC1xx-LB_002\LCD_Driver.c  0x00000000   Number         0  lcd_driver.o ABSOLUTE
    ..\..\..\Src\NUC1xx-LB_002\ScanKey.c     0x00000000   Number         0  scankey.o ABSOLUTE
    ..\..\..\Src\NUC1xx-LB_002\Seven_Segment.c 0x00000000   Number         0  seven_segment.o ABSOLUTE
    ..\\..\\..\\..\\CMSIS\\CM0\\CoreSupport\\core_cm0.c 0x00000000   Number         0  core_cm0.o ABSOLUTE
    2D_Graphic_Driver.c                      0x00000000   Number         0  2d_graphic_driver.o ABSOLUTE
    dc.s                                     0x00000000   Number         0  dc.o ABSOLUTE
    final_project_crab_coco_Main.c           0x00000000   Number         0  final_project_crab_coco_main.o ABSOLUTE
    !!!main                                  0x000000c0   Section        8  __main.o(!!!main)
    !!!scatter                               0x000000c8   Section       60  __scatter.o(!!!scatter)
    !!handler_zi                             0x00000104   Section       28  __scatter_zi.o(!!handler_zi)
    .ARM.Collect$$libinit$$00000000          0x00000120   Section        6  libinit.o(.ARM.Collect$$libinit$$00000000)
    .ARM.Collect$$libinit$$00000006          0x00000126   Section        0  libinit2.o(.ARM.Collect$$libinit$$00000006)
    .ARM.Collect$$libinit$$00000008          0x00000126   Section        0  libinit2.o(.ARM.Collect$$libinit$$00000008)
    .ARM.Collect$$libinit$$00000009          0x00000126   Section        4  libinit2.o(.ARM.Collect$$libinit$$00000009)
    .ARM.Collect$$libinit$$0000000A          0x0000012a   Section        0  libinit2.o(.ARM.Collect$$libinit$$0000000A)
    .ARM.Collect$$libinit$$0000000D          0x0000012a   Section        0  libinit2.o(.ARM.Collect$$libinit$$0000000D)
    .ARM.Collect$$libinit$$0000000F          0x0000012a   Section        0  libinit2.o(.ARM.Collect$$libinit$$0000000F)
    .ARM.Collect$$libinit$$00000011          0x0000012a   Section        0  libinit2.o(.ARM.Collect$$libinit$$00000011)
    .ARM.Collect$$libinit$$00000013          0x0000012a   Section        0  libinit2.o(.ARM.Collect$$libinit$$00000013)
    .ARM.Collect$$libinit$$00000015          0x0000012a   Section        0  libinit2.o(.ARM.Collect$$libinit$$00000015)
    .ARM.Collect$$libinit$$00000017          0x0000012a   Section        0  libinit2.o(.ARM.Collect$$libinit$$00000017)
    .ARM.Collect$$libinit$$00000019          0x0000012a   Section        0  libinit2.o(.ARM.Collect$$libinit$$00000019)
    .ARM.Collect$$libinit$$0000001B          0x0000012a   Section        0  libinit2.o(.ARM.Collect$$libinit$$0000001B)
    .ARM.Collect$$libinit$$0000001D          0x0000012a   Section        0  libinit2.o(.ARM.Collect$$libinit$$0000001D)
    .ARM.Collect$$libinit$$0000001F          0x0000012a   Section        0  libinit2.o(.ARM.Collect$$libinit$$0000001F)
    .ARM.Collect$$libinit$$00000021          0x0000012a   Section        0  libinit2.o(.ARM.Collect$$libinit$$00000021)
    .ARM.Collect$$libinit$$00000028          0x0000012a   Section        0  libinit2.o(.ARM.Collect$$libinit$$00000028)
    .ARM.Collect$$libinit$$0000002A          0x0000012a   Section        0  libinit2.o(.ARM.Collect$$libinit$$0000002A)
    .ARM.Collect$$libinit$$0000002C          0x0000012a   Section        0  libinit2.o(.ARM.Collect$$libinit$$0000002C)
    .ARM.Collect$$libinit$$0000002E          0x0000012a   Section        0  libinit2.o(.ARM.Collect$$libinit$$0000002E)
    .ARM.Collect$$libinit$$0000002F          0x0000012a   Section        2  libinit2.o(.ARM.Collect$$libinit$$0000002F)
    .ARM.Collect$$libshutdown$$00000000      0x0000012c   Section        2  libshutdown.o(.ARM.Collect$$libshutdown$$00000000)
    .ARM.Collect$$libshutdown$$00000003      0x0000012e   Section        0  libshutdown2.o(.ARM.Collect$$libshutdown$$00000003)
    .ARM.Collect$$libshutdown$$00000006      0x0000012e   Section        0  libshutdown2.o(.ARM.Collect$$libshutdown$$00000006)
    .ARM.Collect$$libshutdown$$00000009      0x0000012e   Section        0  libshutdown2.o(.ARM.Collect$$libshutdown$$00000009)
    .ARM.Collect$$libshutdown$$0000000B      0x0000012e   Section        0  libshutdown2.o(.ARM.Collect$$libshutdown$$0000000B)
    .ARM.Collect$$libshutdown$$0000000E      0x0000012e   Section        0  libshutdown2.o(.ARM.Collect$$libshutdown$$0000000E)
    .ARM.Collect$$libshutdown$$0000000F      0x0000012e   Section        2  libshutdown2.o(.ARM.Collect$$libshutdown$$0000000F)
    .ARM.Collect$$rtentry$$00000000          0x00000130   Section        0  rtentry.o(.ARM.Collect$$rtentry$$00000000)
    .ARM.Collect$$rtentry$$00000002          0x00000130   Section        0  rtentry2.o(.ARM.Collect$$rtentry$$00000002)
    .ARM.Collect$$rtentry$$00000004          0x00000130   Section        6  rtentry4.o(.ARM.Collect$$rtentry$$00000004)
    .ARM.Collect$$rtentry$$00000009          0x00000136   Section        0  rtentry2.o(.ARM.Collect$$rtentry$$00000009)
    .ARM.Collect$$rtentry$$0000000A          0x00000136   Section        4  rtentry2.o(.ARM.Collect$$rtentry$$0000000A)
    .ARM.Collect$$rtentry$$0000000C          0x0000013a   Section        0  rtentry2.o(.ARM.Collect$$rtentry$$0000000C)
    .ARM.Collect$$rtentry$$0000000D          0x0000013a   Section        8  rtentry2.o(.ARM.Collect$$rtentry$$0000000D)
    .ARM.Collect$$rtexit$$00000000           0x00000142   Section        2  rtexit.o(.ARM.Collect$$rtexit$$00000000)
    .ARM.Collect$$rtexit$$00000002           0x00000144   Section        0  rtexit2.o(.ARM.Collect$$rtexit$$00000002)
    .ARM.Collect$$rtexit$$00000003           0x00000144   Section        4  rtexit2.o(.ARM.Collect$$rtexit$$00000003)
    .ARM.Collect$$rtexit$$00000004           0x00000148   Section        6  rtexit2.o(.ARM.Collect$$rtexit$$00000004)
    .emb_text                                0x00000150   Section       56  rand.o(.emb_text)
    .text                                    0x00000188   Section        0  system_nuc1xx.o(.text)
    .text                                    0x00000228   Section      100  startup_nuc1xx.o(.text)
    Default_Handler                          0x00000253   Thumb Code     2  startup_nuc1xx.o(.text)
    .text                                    0x0000028c   Section        0  scankey.o(.text)
    .text                                    0x00000350   Section        0  lcd_driver.o(.text)
    .text                                    0x000007ec   Section        0  seven_segment.o(.text)
    .text                                    0x00000850   Section        0  final_project_crab_coco_main.o(.text)
    .text                                    0x00000b0c   Section        0  2d_graphic_driver.o(.text)
    .text                                    0x00001318   Section        0  drvgpio.o(.text)
    NVIC_SetPriority                         0x00001319   Thumb Code   110  drvgpio.o(.text)
    NVIC_EnableIRQ                           0x000020d3   Thumb Code    14  drvgpio.o(.text)
    NVIC_DisableIRQ                          0x000020e1   Thumb Code    16  drvgpio.o(.text)
    .text                                    0x00002108   Section        0  drvsys.o(.text)
    NVIC_SetPriority                         0x00002109   Thumb Code   110  drvsys.o(.text)
    NVIC_EnableIRQ                           0x00002b4f   Thumb Code    14  drvsys.o(.text)
    NVIC_DisableIRQ                          0x00002b5d   Thumb Code    16  drvsys.o(.text)
    .text                                    0x00002b90   Section        0  rand.o(.text)
    .text                                    0x00002bd0   Section        0  rt_memclr.o(.text)
    .text                                    0x00002c10   Section      346  aeabi_sdiv.o(.text)
    .text                                    0x00002d6a   Section        0  heapauxi.o(.text)
    .text                                    0x00002d70   Section       62  sys_stackheap_outer.o(.text)
    .text                                    0x00002dae   Section        0  exit.o(.text)
    .text                                    0x00002dbc   Section        8  libspace.o(.text)
    .text                                    0x00002dc4   Section        0  sys_exit.o(.text)
    .text                                    0x00002dd0   Section        2  use_no_semi.o(.text)
    .text                                    0x00002dd2   Section        0  __dczerorl2.o(.text)
    .text                                    0x00002dd2   Section        0  indicate_semi.o(.text)
    i.__ARM_common_switch8                   0x00002e28   Section        0  2d_graphic_driver.o(i.__ARM_common_switch8)
    .constdata                               0x00002e44   Section        4  scankey.o(.constdata)
    .constdata                               0x00002e48   Section       16  drvsys.o(.constdata)
    .data                                    0x20000000   Section       28  system_nuc1xx.o(.data)
    .data                                    0x2000001c   Section       16  lcd_driver.o(.data)
    .data                                    0x2000002c   Section     1520  ascii_table.o(.data)
    .data                                    0x2000061c   Section       10  seven_segment.o(.data)
    .data                                    0x20000628   Section     1040  final_project_crab_coco_main.o(.data)
    .data                                    0x20000a38   Section       16  drvgpio.o(.data)
    _pfGPABCallback                          0x20000a38   Data           4  drvgpio.o(.data)
    _pfGPCDECallback                         0x20000a3c   Data           4  drvgpio.o(.data)
    _pfEINT0Callback                         0x20000a40   Data           4  drvgpio.o(.data)
    _pfEINT1Callback                         0x20000a44   Data           4  drvgpio.o(.data)
    .data                                    0x20000a48   Section        8  drvsys.o(.data)
    BOD_callbackFn                           0x20000a48   Data           4  drvsys.o(.data)
    PWRWU_callbackFn                         0x20000a4c   Data           4  drvsys.o(.data)
    .bss                                     0x20000a50   Section     1024  final_project_crab_coco_main.o(.bss)
    .bss                                     0x20000e50   Section      228  rand.o(.bss)
    .bss                                     0x20000f34   Section       96  libspace.o(.bss)
    HEAP                                     0x20000f98   Section        0  startup_nuc1xx.o(HEAP)
    STACK                                    0x20000f98   Section     1024  startup_nuc1xx.o(STACK)
    Heap_Mem                                 0x20000f98   Data           0  startup_nuc1xx.o(HEAP)
    Stack_Mem                                0x20000f98   Data        1024  startup_nuc1xx.o(STACK)
    __initial_sp                             0x20001398   Data           0  startup_nuc1xx.o(STACK)

    Global Symbols

    Symbol Name                              Value     Ov Type        Size  Object(Section)

    BuildAttributes$$THM_ISAv3M$S$PE$A:L22$X:L11$S22$IEEE1$IW$USESV6$~STKCKD$USESV7$~SHL$OSPACE$ROPI$EBA8$UX$STANDARDLIB$REQ8$PRES8$EABIv2 0x00000000   Number         0  anon$$obj.o ABSOLUTE
    __ARM_use_no_argv                        0x00000000   Number         0  final_project_crab_coco_main.o ABSOLUTE
    __Vectors                                0x00000000   Data           4  startup_nuc1xx.o(RESET)
    __ARM_exceptions_init                     - Undefined Weak Reference
    __alloca_initialize                       - Undefined Weak Reference
    __cpp_initialize__aeabi_                  - Undefined Weak Reference
    __cxa_finalize                            - Undefined Weak Reference
    __rt_locale                               - Undefined Weak Reference
    __sigvec_lookup                           - Undefined Weak Reference
    _atexit_init                              - Undefined Weak Reference
    _call_atexit_fns                          - Undefined Weak Reference
    _clock_init                               - Undefined Weak Reference
    _fp_trap_init                             - Undefined Weak Reference
    _fp_trap_shutdown                         - Undefined Weak Reference
    _get_lc_collate                           - Undefined Weak Reference
    _get_lc_ctype                             - Undefined Weak Reference
    _get_lc_monetary                          - Undefined Weak Reference
    _get_lc_numeric                           - Undefined Weak Reference
    _get_lc_time                              - Undefined Weak Reference
    _getenv_init                              - Undefined Weak Reference
    _handle_redirection                       - Undefined Weak Reference
    _init_alloc                               - Undefined Weak Reference
    _init_user_alloc                          - Undefined Weak Reference
    _initio                                   - Undefined Weak Reference
    _signal_finish                            - Undefined Weak Reference
    _signal_init                              - Undefined Weak Reference
    _terminate_alloc                          - Undefined Weak Reference
    _terminate_user_alloc                     - Undefined Weak Reference
    _terminateio                              - Undefined Weak Reference
    __main                                   0x000000c1   Thumb Code     8  __main.o(!!!main)
    __scatterload                            0x000000c9   Thumb Code     0  __scatter.o(!!!scatter)
    __scatterload_rt2                        0x000000c9   Thumb Code    52  __scatter.o(!!!scatter)
    __scatterload_rt2_thumb_only             0x000000c9   Thumb Code     0  __scatter.o(!!!scatter)
    __scatterload_null                       0x000000d9   Thumb Code     0  __scatter.o(!!!scatter)
    __scatterload_zeroinit                   0x00000105   Thumb Code    28  __scatter_zi.o(!!handler_zi)
    __rt_lib_init                            0x00000121   Thumb Code     0  libinit.o(.ARM.Collect$$libinit$$00000000)
    __rt_lib_init_heap_1                     0x00000127   Thumb Code     0  libinit2.o(.ARM.Collect$$libinit$$00000006)
    __rt_lib_init_rand_2                     0x00000127   Thumb Code     0  libinit2.o(.ARM.Collect$$libinit$$00000009)
    __rt_lib_init_user_alloc_1               0x00000127   Thumb Code     0  libinit2.o(.ARM.Collect$$libinit$$00000008)
    __rt_lib_init_alloca_1                   0x0000012b   Thumb Code     0  libinit2.o(.ARM.Collect$$libinit$$0000002A)
    __rt_lib_init_argv_1                     0x0000012b   Thumb Code     0  libinit2.o(.ARM.Collect$$libinit$$00000028)
    __rt_lib_init_atexit_1                   0x0000012b   Thumb Code     0  libinit2.o(.ARM.Collect$$libinit$$00000017)
    __rt_lib_init_clock_1                    0x0000012b   Thumb Code     0  libinit2.o(.ARM.Collect$$libinit$$0000001D)
    __rt_lib_init_cpp_1                      0x0000012b   Thumb Code     0  libinit2.o(.ARM.Collect$$libinit$$0000002E)
    __rt_lib_init_exceptions_1               0x0000012b   Thumb Code     0  libinit2.o(.ARM.Collect$$libinit$$0000002C)
    __rt_lib_init_fp_trap_1                  0x0000012b   Thumb Code     0  libinit2.o(.ARM.Collect$$libinit$$0000001B)
    __rt_lib_init_getenv_1                   0x0000012b   Thumb Code     0  libinit2.o(.ARM.Collect$$libinit$$0000001F)
    __rt_lib_init_lc_collate_1               0x0000012b   Thumb Code     0  libinit2.o(.ARM.Collect$$libinit$$0000000D)
    __rt_lib_init_lc_ctype_1                 0x0000012b   Thumb Code     0  libinit2.o(.ARM.Collect$$libinit$$0000000F)
    __rt_lib_init_lc_monetary_1              0x0000012b   Thumb Code     0  libinit2.o(.ARM.Collect$$libinit$$00000011)
    __rt_lib_init_lc_numeric_1               0x0000012b   Thumb Code     0  libinit2.o(.ARM.Collect$$libinit$$00000013)
    __rt_lib_init_lc_time_1                  0x0000012b   Thumb Code     0  libinit2.o(.ARM.Collect$$libinit$$00000015)
    __rt_lib_init_rand_1                     0x0000012b   Thumb Code     0  libinit2.o(.ARM.Collect$$libinit$$0000000A)
    __rt_lib_init_return                     0x0000012b   Thumb Code     0  libinit2.o(.ARM.Collect$$libinit$$0000002F)
    __rt_lib_init_signal_1                   0x0000012b   Thumb Code     0  libinit2.o(.ARM.Collect$$libinit$$00000019)
    __rt_lib_init_stdio_1                    0x0000012b   Thumb Code     0  libinit2.o(.ARM.Collect$$libinit$$00000021)
    __rt_lib_shutdown                        0x0000012d   Thumb Code     0  libshutdown.o(.ARM.Collect$$libshutdown$$00000000)
    __rt_lib_shutdown_fp_trap_1              0x0000012f   Thumb Code     0  libshutdown2.o(.ARM.Collect$$libshutdown$$00000006)
    __rt_lib_shutdown_heap_1                 0x0000012f   Thumb Code     0  libshutdown2.o(.ARM.Collect$$libshutdown$$0000000E)
    __rt_lib_shutdown_return                 0x0000012f   Thumb Code     0  libshutdown2.o(.ARM.Collect$$libshutdown$$0000000F)
    __rt_lib_shutdown_signal_1               0x0000012f   Thumb Code     0  libshutdown2.o(.ARM.Collect$$libshutdown$$00000009)
    __rt_lib_shutdown_stdio_1                0x0000012f   Thumb Code     0  libshutdown2.o(.ARM.Collect$$libshutdown$$00000003)
    __rt_lib_shutdown_user_alloc_1           0x0000012f   Thumb Code     0  libshutdown2.o(.ARM.Collect$$libshutdown$$0000000B)
    __rt_entry                               0x00000131   Thumb Code     0  rtentry.o(.ARM.Collect$$rtentry$$00000000)
    __rt_entry_presh_1                       0x00000131   Thumb Code     0  rtentry2.o(.ARM.Collect$$rtentry$$00000002)
    __rt_entry_sh                            0x00000131   Thumb Code     0  rtentry4.o(.ARM.Collect$$rtentry$$00000004)
    __rt_entry_li                            0x00000137   Thumb Code     0  rtentry2.o(.ARM.Collect$$rtentry$$0000000A)
    __rt_entry_postsh_1                      0x00000137   Thumb Code     0  rtentry2.o(.ARM.Collect$$rtentry$$00000009)
    __rt_entry_main                          0x0000013b   Thumb Code     0  rtentry2.o(.ARM.Collect$$rtentry$$0000000D)
    __rt_entry_postli_1                      0x0000013b   Thumb Code     0  rtentry2.o(.ARM.Collect$$rtentry$$0000000C)
    __rt_exit                                0x00000143   Thumb Code     0  rtexit.o(.ARM.Collect$$rtexit$$00000000)
    __rt_exit_ls                             0x00000145   Thumb Code     0  rtexit2.o(.ARM.Collect$$rtexit$$00000003)
    __rt_exit_prels_1                        0x00000145   Thumb Code     0  rtexit2.o(.ARM.Collect$$rtexit$$00000002)
    __rt_exit_exit                           0x00000149   Thumb Code     0  rtexit2.o(.ARM.Collect$$rtexit$$00000004)
    rand                                     0x00000151   Thumb Code    52  rand.o(.emb_text)
    SystemCoreClockUpdate                    0x00000189   Thumb Code   130  system_nuc1xx.o(.text)
    SystemInit                               0x0000020b   Thumb Code     2  system_nuc1xx.o(.text)
    Reset_Handler                            0x00000229   Thumb Code    32  startup_nuc1xx.o(.text)
    NMI_Handler                              0x00000249   Thumb Code     2  startup_nuc1xx.o(.text)
    HardFault_Handler                        0x0000024b   Thumb Code     2  startup_nuc1xx.o(.text)
    SVC_Handler                              0x0000024d   Thumb Code     2  startup_nuc1xx.o(.text)
    PendSV_Handler                           0x0000024f   Thumb Code     2  startup_nuc1xx.o(.text)
    SysTick_Handler                          0x00000251   Thumb Code     2  startup_nuc1xx.o(.text)
    ACMP_IRQHandler                          0x00000253   Thumb Code     0  startup_nuc1xx.o(.text)
    ADC_IRQHandler                           0x00000253   Thumb Code     0  startup_nuc1xx.o(.text)
    CAN0_IRQHandler                          0x00000253   Thumb Code     0  startup_nuc1xx.o(.text)
    I2C0_IRQHandler                          0x00000253   Thumb Code     0  startup_nuc1xx.o(.text)
    I2C1_IRQHandler                          0x00000253   Thumb Code     0  startup_nuc1xx.o(.text)
    I2S_IRQHandler                           0x00000253   Thumb Code     0  startup_nuc1xx.o(.text)
    PDMA_IRQHandler                          0x00000253   Thumb Code     0  startup_nuc1xx.o(.text)
    PS2_IRQHandler                           0x00000253   Thumb Code     0  startup_nuc1xx.o(.text)
    PWMA_IRQHandler                          0x00000253   Thumb Code     0  startup_nuc1xx.o(.text)
    PWMB_IRQHandler                          0x00000253   Thumb Code     0  startup_nuc1xx.o(.text)
    RTC_IRQHandler                           0x00000253   Thumb Code     0  startup_nuc1xx.o(.text)
    SPI0_IRQHandler                          0x00000253   Thumb Code     0  startup_nuc1xx.o(.text)
    SPI1_IRQHandler                          0x00000253   Thumb Code     0  startup_nuc1xx.o(.text)
    SPI2_IRQHandler                          0x00000253   Thumb Code     0  startup_nuc1xx.o(.text)
    SPI3_IRQHandler                          0x00000253   Thumb Code     0  startup_nuc1xx.o(.text)
    TMR0_IRQHandler                          0x00000253   Thumb Code     0  startup_nuc1xx.o(.text)
    TMR1_IRQHandler                          0x00000253   Thumb Code     0  startup_nuc1xx.o(.text)
    TMR2_IRQHandler                          0x00000253   Thumb Code     0  startup_nuc1xx.o(.text)
    TMR3_IRQHandler                          0x00000253   Thumb Code     0  startup_nuc1xx.o(.text)
    UART02_IRQHandler                        0x00000253   Thumb Code     0  startup_nuc1xx.o(.text)
    UART1_IRQHandler                         0x00000253   Thumb Code     0  startup_nuc1xx.o(.text)
    USBD_IRQHandler                          0x00000253   Thumb Code     0  startup_nuc1xx.o(.text)
    WDT_IRQHandler                           0x00000253   Thumb Code     0  startup_nuc1xx.o(.text)
    __user_initial_stackheap                 0x00000255   Thumb Code     0  startup_nuc1xx.o(.text)
    delay                                    0x0000028d   Thumb Code    16  scankey.o(.text)
    OpenKeyPad                               0x0000029d   Thumb Code    26  scankey.o(.text)
    CloseKeyPad                              0x000002b7   Thumb Code    24  scankey.o(.text)
    Scankey                                  0x000002cf   Thumb Code   126  scankey.o(.text)
    SysTimerDelay                            0x00000351   Thumb Code    32  lcd_driver.o(.text)
    Initial_panel                            0x00000371   Thumb Code   526  lcd_driver.o(.text)
    WriteData                                0x0000057f   Thumb Code    82  lcd_driver.o(.text)
    SetPACA                                  0x000005d1   Thumb Code   238  lcd_driver.o(.text)
    Disable_Buzzer                           0x000006bf   Thumb Code    22  lcd_driver.o(.text)
    Show_Word                                0x000006d5   Thumb Code   132  lcd_driver.o(.text)
    print_lcd                                0x00000759   Thumb Code    40  lcd_driver.o(.text)
    clr_all_panel                            0x00000781   Thumb Code    40  lcd_driver.o(.text)
    draw_LCD                                 0x000007a9   Thumb Code    68  lcd_driver.o(.text)
    show_seven_segment                       0x000007ed   Thumb Code    60  seven_segment.o(.text)
    close_seven_segment                      0x00000829   Thumb Code    36  seven_segment.o(.text)
    seg_display                              0x00000851   Thumb Code   138  final_project_crab_coco_main.o(.text)
    GPABCallback                             0x000008db   Thumb Code   248  final_project_crab_coco_main.o(.text)
    GPCDECallback                            0x000009d3   Thumb Code     2  final_project_crab_coco_main.o(.text)
    main                                     0x000009d5   Thumb Code   254  final_project_crab_coco_main.o(.text)
    draw_pixel                               0x00000b0d   Thumb Code   722  2d_graphic_driver.o(.text)
    LineBresenham                            0x00000ddf   Thumb Code   178  2d_graphic_driver.o(.text)
    LineOptimized                            0x00000e91   Thumb Code   288  2d_graphic_driver.o(.text)
    CircleBresenham                          0x00000fb1   Thumb Code   164  2d_graphic_driver.o(.text)
    CircleMidpoint                           0x00001055   Thumb Code   234  2d_graphic_driver.o(.text)
    CircleOptimized                          0x0000113f   Thumb Code   196  2d_graphic_driver.o(.text)
    RectangleDraw                            0x00001203   Thumb Code   132  2d_graphic_driver.o(.text)
    RectangleFill                            0x00001287   Thumb Code    86  2d_graphic_driver.o(.text)
    Triangle                                 0x000012dd   Thumb Code    58  2d_graphic_driver.o(.text)
    GPAB_IRQHandler                          0x00001387   Thumb Code    52  drvgpio.o(.text)
    GPCDE_IRQHandler                         0x000013bb   Thumb Code    56  drvgpio.o(.text)
    EINT0_IRQHandler                         0x000013f3   Thumb Code    28  drvgpio.o(.text)
    EINT1_IRQHandler                         0x0000140f   Thumb Code    28  drvgpio.o(.text)
    DrvGPIO_Open                             0x0000142b   Thumb Code   110  drvgpio.o(.text)
    DrvGPIO_Close                            0x00001499   Thumb Code    54  drvgpio.o(.text)
    DrvGPIO_SetBit                           0x000014cf   Thumb Code    36  drvgpio.o(.text)
    DrvGPIO_GetBit                           0x000014f3   Thumb Code    34  drvgpio.o(.text)
    DrvGPIO_ClrBit                           0x00001515   Thumb Code    36  drvgpio.o(.text)
    DrvGPIO_SetPortBits                      0x00001539   Thumb Code    16  drvgpio.o(.text)
    DrvGPIO_GetPortBits                      0x00001549   Thumb Code    12  drvgpio.o(.text)
    DrvGPIO_GetDoutBit                       0x00001555   Thumb Code    30  drvgpio.o(.text)
    DrvGPIO_GetPortDoutBits                  0x00001573   Thumb Code    20  drvgpio.o(.text)
    DrvGPIO_SetBitMask                       0x00001587   Thumb Code    26  drvgpio.o(.text)
    DrvGPIO_GetBitMask                       0x000015a1   Thumb Code    22  drvgpio.o(.text)
    DrvGPIO_ClrBitMask                       0x000015b7   Thumb Code    26  drvgpio.o(.text)
    DrvGPIO_GetPortMask                      0x000015d1   Thumb Code    12  drvgpio.o(.text)
    DrvGPIO_SetPortMask                      0x000015dd   Thumb Code    26  drvgpio.o(.text)
    DrvGPIO_ClrPortMask                      0x000015f7   Thumb Code    26  drvgpio.o(.text)
    DrvGPIO_EnableDigitalInputBit            0x00001611   Thumb Code    32  drvgpio.o(.text)
    DrvGPIO_DisableDigitalInputBit           0x00001631   Thumb Code    32  drvgpio.o(.text)
    DrvGPIO_EnableDebounce                   0x00001651   Thumb Code    44  drvgpio.o(.text)
    DrvGPIO_DisableDebounce                  0x0000167d   Thumb Code    42  drvgpio.o(.text)
    DrvGPIO_SetDebounceTime                  0x000016a7   Thumb Code    60  drvgpio.o(.text)
    DrvGPIO_GetDebounceSampleCycle           0x000016e3   Thumb Code    12  drvgpio.o(.text)
    DrvGPIO_EnableInt                        0x000016ef   Thumb Code   250  drvgpio.o(.text)
    DrvGPIO_DisableInt                       0x000017e9   Thumb Code    68  drvgpio.o(.text)
    DrvGPIO_SetIntCallback                   0x0000182d   Thumb Code    10  drvgpio.o(.text)
    DrvGPIO_EnableEINT0                      0x00001837   Thumb Code   118  drvgpio.o(.text)
    DrvGPIO_DisableEINT0                     0x000018ad   Thumb Code    24  drvgpio.o(.text)
    DrvGPIO_EnableEINT1                      0x000018c5   Thumb Code   116  drvgpio.o(.text)
    DrvGPIO_DisableEINT1                     0x00001939   Thumb Code    24  drvgpio.o(.text)
    DrvGPIO_GetIntStatus                     0x00001951   Thumb Code    14  drvgpio.o(.text)
    DrvGPIO_InitFunction                     0x0000195f   Thumb Code  1904  drvgpio.o(.text)
    DrvGPIO_GetVersion                       0x000020cf   Thumb Code     4  drvgpio.o(.text)
    DrvSYS_GetVersion                        0x00002177   Thumb Code     4  drvsys.o(.text)
    DrvSYS_ReadProductID                     0x0000217b   Thumb Code     8  drvsys.o(.text)
    DrvSYS_UnlockProtectedReg                0x00002183   Thumb Code    34  drvsys.o(.text)
    DrvSYS_LockProtectedReg                  0x000021a5   Thumb Code    28  drvsys.o(.text)
    DrvSYS_IsProtectedRegLocked              0x000021c1   Thumb Code    10  drvsys.o(.text)
    DrvSYS_GetResetSource                    0x000021cb   Thumb Code     8  drvsys.o(.text)
    DrvSYS_ClearResetSource                  0x000021d3   Thumb Code    12  drvsys.o(.text)
    DrvSYS_ResetIP                           0x000021df   Thumb Code   110  drvsys.o(.text)
    DrvSYS_ResetCPU                          0x0000224d   Thumb Code    20  drvsys.o(.text)
    DrvSYS_ResetChip                         0x00002261   Thumb Code    20  drvsys.o(.text)
    DrvSYS_SelectBODVolt                     0x00002275   Thumb Code    26  drvsys.o(.text)
    DrvSYS_SetBODFunction                    0x0000228f   Thumb Code    88  drvsys.o(.text)
    DrvSYS_EnableBODLowPowerMode             0x000022e7   Thumb Code    20  drvsys.o(.text)
    DrvSYS_DisableBODLowPowerMode            0x000022fb   Thumb Code    18  drvsys.o(.text)
    DrvSYS_GetBODState                       0x0000230d   Thumb Code    12  drvsys.o(.text)
    DrvSYS_EnableLowVoltReset                0x00002319   Thumb Code    20  drvsys.o(.text)
    DrvSYS_DisableLowVoltReset               0x0000232d   Thumb Code    18  drvsys.o(.text)
    DrvSYS_EnableTemperatureSensor           0x0000233f   Thumb Code    20  drvsys.o(.text)
    DrvSYS_DisableTemperatureSensor          0x00002353   Thumb Code    18  drvsys.o(.text)
    DrvSYS_EnablePOR                         0x00002365   Thumb Code    10  drvsys.o(.text)
    DrvSYS_DisablePOR                        0x0000236f   Thumb Code     8  drvsys.o(.text)
    BOD_IRQHandler                           0x00002377   Thumb Code    36  drvsys.o(.text)
    DrvSYS_SetIPClock                        0x0000239b   Thumb Code   114  drvsys.o(.text)
    DrvSYS_SelectHCLKSource                  0x0000240d   Thumb Code    48  drvsys.o(.text)
    DrvSYS_SelectSysTickSource               0x0000243d   Thumb Code    44  drvsys.o(.text)
    DrvSYS_SelectIPClockSource               0x00002469   Thumb Code   376  drvsys.o(.text)
    DrvSYS_SetClockDivider                   0x000025e1   Thumb Code   130  drvsys.o(.text)
    DrvSYS_SetOscCtrl                        0x00002663   Thumb Code   120  drvsys.o(.text)
    PWRWU_IRQHandler                         0x000026db   Thumb Code    32  drvsys.o(.text)
    DrvSYS_SetPowerDownWakeUpInt             0x000026fb   Thumb Code    98  drvsys.o(.text)
    DrvSYS_EnterPowerDown                    0x0000275d   Thumb Code    52  drvsys.o(.text)
    DrvSYS_SelectPLLSource                   0x00002791   Thumb Code    26  drvsys.o(.text)
    DrvSYS_SetPLLMode                        0x000027ab   Thumb Code    46  drvsys.o(.text)
    DrvSYS_GetExtClockFreq                   0x000027d9   Thumb Code     4  drvsys.o(.text)
    DrvSYS_GetPLLContent                     0x000027dd   Thumb Code   164  drvsys.o(.text)
    DrvSYS_SetPLLContent                     0x00002881   Thumb Code    72  drvsys.o(.text)
    DrvSYS_GetPLLClockFreq                   0x000028c9   Thumb Code   150  drvsys.o(.text)
    DrvSYS_GetHCLKFreq                       0x0000295f   Thumb Code    92  drvsys.o(.text)
    DrvSYS_Open                              0x000029bb   Thumb Code   156  drvsys.o(.text)
    DrvSYS_SetFreqDividerOutput              0x00002a57   Thumb Code    70  drvsys.o(.text)
    DrvSYS_EnableHighPerformanceMode         0x00002a9d   Thumb Code    20  drvsys.o(.text)
    DrvSYS_DisableHighPerformanceMode        0x00002ab1   Thumb Code    18  drvsys.o(.text)
    DrvSYS_Delay                             0x00002ac3   Thumb Code    34  drvsys.o(.text)
    DrvSYS_GetChipClockSourceStatus          0x00002ae5   Thumb Code    80  drvsys.o(.text)
    DrvSYS_GetClockSwitchStatus              0x00002b35   Thumb Code    10  drvsys.o(.text)
    DrvSYS_ClearClockSwitchStatus            0x00002b3f   Thumb Code    16  drvsys.o(.text)
    srand                                    0x00002b91   Thumb Code    46  rand.o(.text)
    _rand_init                               0x00002bbf   Thumb Code     4  rand.o(.text)
    _memset_w                                0x00002bd1   Thumb Code    26  rt_memclr.o(.text)
    _memset                                  0x00002beb   Thumb Code    30  rt_memclr.o(.text)
    __aeabi_memclr                           0x00002c09   Thumb Code     4  rt_memclr.o(.text)
    __rt_memclr                              0x00002c09   Thumb Code     0  rt_memclr.o(.text)
    __aeabi_memclr4                          0x00002c0d   Thumb Code     0  rt_memclr.o(.text)
    __aeabi_memclr8                          0x00002c0d   Thumb Code     0  rt_memclr.o(.text)
    __rt_memclr_w                            0x00002c0d   Thumb Code     4  rt_memclr.o(.text)
    __aeabi_uidiv                            0x00002c11   Thumb Code     0  aeabi_sdiv.o(.text)
    __aeabi_uidivmod                         0x00002c11   Thumb Code    20  aeabi_sdiv.o(.text)
    __aeabi_idiv                             0x00002c25   Thumb Code     0  aeabi_sdiv.o(.text)
    __aeabi_idivmod                          0x00002c25   Thumb Code   326  aeabi_sdiv.o(.text)
    __use_two_region_memory                  0x00002d6b   Thumb Code     2  heapauxi.o(.text)
    __rt_heap_escrow$2region                 0x00002d6d   Thumb Code     2  heapauxi.o(.text)
    __rt_heap_expand$2region                 0x00002d6f   Thumb Code     2  heapauxi.o(.text)
    __user_setup_stackheap                   0x00002d71   Thumb Code    62  sys_stackheap_outer.o(.text)
    exit                                     0x00002daf   Thumb Code    12  exit.o(.text)
    __user_libspace                          0x00002dbd   Thumb Code     8  libspace.o(.text)
    __user_perproc_libspace                  0x00002dbd   Thumb Code     0  libspace.o(.text)
    __user_perthread_libspace                0x00002dbd   Thumb Code     0  libspace.o(.text)
    _sys_exit                                0x00002dc5   Thumb Code     8  sys_exit.o(.text)
    __I$use$semihosting                      0x00002dd1   Thumb Code     0  use_no_semi.o(.text)
    __use_no_semihosting_swi                 0x00002dd1   Thumb Code     2  use_no_semi.o(.text)
    __decompress                             0x00002dd3   Thumb Code     0  __dczerorl2.o(.text)
    __decompress1                            0x00002dd3   Thumb Code    86  __dczerorl2.o(.text)
    __semihosting_library_function           0x00002dd3   Thumb Code     0  indicate_semi.o(.text)
    __ARM_common_switch8                     0x00002e29   Thumb Code    28  2d_graphic_driver.o(i.__ARM_common_switch8)
    Region$$Table$$Base                      0x00002e58   Number         0  anon$$obj.o(Region$$Table)
    Region$$Table$$Limit                     0x00002e78   Number         0  anon$$obj.o(Region$$Table)
    SystemCoreClock                          0x20000000   Data           4  system_nuc1xx.o(.data)
    CyclesPerUs                              0x20000004   Data           4  system_nuc1xx.o(.data)
    gau32ClkSrcTbl                           0x20000008   Data          20  system_nuc1xx.o(.data)
    SPI_PORT                                 0x2000001c   Data          16  lcd_driver.o(.data)
    Ascii                                    0x2000002c   Data        1520  ascii_table.o(.data)
    SEG_BUF                                  0x2000061c   Data          10  seven_segment.o(.data)
    color                                    0x20000628   Data           4  final_project_crab_coco_main.o(.data)
    idk                                      0x2000062c   Data           4  final_project_crab_coco_main.o(.data)
    i                                        0x20000630   Data           4  final_project_crab_coco_main.o(.data)
    j                                        0x20000634   Data           4  final_project_crab_coco_main.o(.data)
    Bitmap                                   0x20000638   Data        1024  final_project_crab_coco_main.o(.data)
    DisplayBuf                               0x20000a50   Data        1024  final_project_crab_coco_main.o(.bss)
    _random_number_data                      0x20000e50   Data         228  rand.o(.bss)
    __libspace_start                         0x20000f34   Data          96  libspace.o(.bss)
    __temporary_stack_top$libspace           0x20000f94   Data           0  libspace.o(.bss)



==============================================================================

Memory Map of the image

  Image Entry point : 0x00000229

  Load Region LR_1 (Base: 0x00000000, Size: 0x000038c8, Max: 0xffffffff, ABSOLUTE, COMPRESSED[0x000031fc])

    Execution Region ER_RO (Base: 0x00000000, Size: 0x00002e78, Max: 0xffffffff, ABSOLUTE)

    Base Addr    Size         Type   Attr      Idx    E Section Name        Object

    0x00000000   0x000000c0   Data   RO           49    RESET               startup_nuc1xx.o
    0x000000c0   0x00000008   Code   RO          242  * !!!main             c_p.l(__main.o)
    0x000000c8   0x0000003c   Code   RO          408    !!!scatter          c_p.l(__scatter.o)
    0x00000104   0x0000001c   Code   RO          410    !!handler_zi        c_p.l(__scatter_zi.o)
    0x00000120   0x00000006   Code   RO          327    .ARM.Collect$$libinit$$00000000  c_p.l(libinit.o)
    0x00000126   0x00000000   Code   RO          251    .ARM.Collect$$libinit$$00000006  c_p.l(libinit2.o)
    0x00000126   0x00000000   Code   RO          253    .ARM.Collect$$libinit$$00000008  c_p.l(libinit2.o)
    0x00000126   0x00000004   Code   RO          254    .ARM.Collect$$libinit$$00000009  c_p.l(libinit2.o)
    0x0000012a   0x00000000   Code   RO          255    .ARM.Collect$$libinit$$0000000A  c_p.l(libinit2.o)
    0x0000012a   0x00000000   Code   RO          258    .ARM.Collect$$libinit$$0000000D  c_p.l(libinit2.o)
    0x0000012a   0x00000000   Code   RO          260    .ARM.Collect$$libinit$$0000000F  c_p.l(libinit2.o)
    0x0000012a   0x00000000   Code   RO          262    .ARM.Collect$$libinit$$00000011  c_p.l(libinit2.o)
    0x0000012a   0x00000000   Code   RO          264    .ARM.Collect$$libinit$$00000013  c_p.l(libinit2.o)
    0x0000012a   0x00000000   Code   RO          266    .ARM.Collect$$libinit$$00000015  c_p.l(libinit2.o)
    0x0000012a   0x00000000   Code   RO          268    .ARM.Collect$$libinit$$00000017  c_p.l(libinit2.o)
    0x0000012a   0x00000000   Code   RO          270    .ARM.Collect$$libinit$$00000019  c_p.l(libinit2.o)
    0x0000012a   0x00000000   Code   RO          272    .ARM.Collect$$libinit$$0000001B  c_p.l(libinit2.o)
    0x0000012a   0x00000000   Code   RO          274    .ARM.Collect$$libinit$$0000001D  c_p.l(libinit2.o)
    0x0000012a   0x00000000   Code   RO          276    .ARM.Collect$$libinit$$0000001F  c_p.l(libinit2.o)
    0x0000012a   0x00000000   Code   RO          278    .ARM.Collect$$libinit$$00000021  c_p.l(libinit2.o)
    0x0000012a   0x00000000   Code   RO          282    .ARM.Collect$$libinit$$00000028  c_p.l(libinit2.o)
    0x0000012a   0x00000000   Code   RO          284    .ARM.Collect$$libinit$$0000002A  c_p.l(libinit2.o)
    0x0000012a   0x00000000   Code   RO          286    .ARM.Collect$$libinit$$0000002C  c_p.l(libinit2.o)
    0x0000012a   0x00000000   Code   RO          288    .ARM.Collect$$libinit$$0000002E  c_p.l(libinit2.o)
    0x0000012a   0x00000002   Code   RO          289    .ARM.Collect$$libinit$$0000002F  c_p.l(libinit2.o)
    0x0000012c   0x00000002   Code   RO          374    .ARM.Collect$$libshutdown$$00000000  c_p.l(libshutdown.o)
    0x0000012e   0x00000000   Code   RO          391    .ARM.Collect$$libshutdown$$00000003  c_p.l(libshutdown2.o)
    0x0000012e   0x00000000   Code   RO          394    .ARM.Collect$$libshutdown$$00000006  c_p.l(libshutdown2.o)
    0x0000012e   0x00000000   Code   RO          397    .ARM.Collect$$libshutdown$$00000009  c_p.l(libshutdown2.o)
    0x0000012e   0x00000000   Code   RO          399    .ARM.Collect$$libshutdown$$0000000B  c_p.l(libshutdown2.o)
    0x0000012e   0x00000000   Code   RO          402    .ARM.Collect$$libshutdown$$0000000E  c_p.l(libshutdown2.o)
    0x0000012e   0x00000002   Code   RO          403    .ARM.Collect$$libshutdown$$0000000F  c_p.l(libshutdown2.o)
    0x00000130   0x00000000   Code   RO          244    .ARM.Collect$$rtentry$$00000000  c_p.l(rtentry.o)
    0x00000130   0x00000000   Code   RO          291    .ARM.Collect$$rtentry$$00000002  c_p.l(rtentry2.o)
    0x00000130   0x00000006   Code   RO          303    .ARM.Collect$$rtentry$$00000004  c_p.l(rtentry4.o)
    0x00000136   0x00000000   Code   RO          293    .ARM.Collect$$rtentry$$00000009  c_p.l(rtentry2.o)
    0x00000136   0x00000004   Code   RO          294    .ARM.Collect$$rtentry$$0000000A  c_p.l(rtentry2.o)
    0x0000013a   0x00000000   Code   RO          296    .ARM.Collect$$rtentry$$0000000C  c_p.l(rtentry2.o)
    0x0000013a   0x00000008   Code   RO          297    .ARM.Collect$$rtentry$$0000000D  c_p.l(rtentry2.o)
    0x00000142   0x00000002   Code   RO          334    .ARM.Collect$$rtexit$$00000000  c_p.l(rtexit.o)
    0x00000144   0x00000000   Code   RO          356    .ARM.Collect$$rtexit$$00000002  c_p.l(rtexit2.o)
    0x00000144   0x00000004   Code   RO          357    .ARM.Collect$$rtexit$$00000003  c_p.l(rtexit2.o)
    0x00000148   0x00000006   Code   RO          358    .ARM.Collect$$rtexit$$00000004  c_p.l(rtexit2.o)
    0x0000014e   0x00000002   PAD
    0x00000150   0x00000038   Code   RO          229    .emb_text           c_p.l(rand.o)
    0x00000188   0x000000a0   Code   RO           17    .text               system_nuc1xx.o
    0x00000228   0x00000064   Code   RO           50  * .text               startup_nuc1xx.o
    0x0000028c   0x000000c4   Code   RO           54    .text               scankey.o
    0x00000350   0x0000049c   Code   RO           87    .text               lcd_driver.o
    0x000007ec   0x00000064   Code   RO          119    .text               seven_segment.o
    0x00000850   0x000002bc   Code   RO          137    .text               final_project_crab_coco_main.o
    0x00000b0c   0x0000080a   Code   RO          174    .text               2d_graphic_driver.o
    0x00001316   0x00000002   PAD
    0x00001318   0x00000df0   Code   RO          192    .text               drvgpio.o
    0x00002108   0x00000a88   Code   RO          209    .text               drvsys.o
    0x00002b90   0x00000040   Code   RO          230    .text               c_p.l(rand.o)
    0x00002bd0   0x00000040   Code   RO          234    .text               c_p.l(rt_memclr.o)
    0x00002c10   0x0000015a   Code   RO          236    .text               c_p.l(aeabi_sdiv.o)
    0x00002d6a   0x00000006   Code   RO          240    .text               c_p.l(heapauxi.o)
    0x00002d70   0x0000003e   Code   RO          309    .text               c_p.l(sys_stackheap_outer.o)
    0x00002dae   0x0000000c   Code   RO          312    .text               c_p.l(exit.o)
    0x00002dba   0x00000002   PAD
    0x00002dbc   0x00000008   Code   RO          330    .text               c_p.l(libspace.o)
    0x00002dc4   0x0000000c   Code   RO          350    .text               c_p.l(sys_exit.o)
    0x00002dd0   0x00000002   Code   RO          352    .text               c_p.l(use_no_semi.o)
    0x00002dd2   0x00000000   Code   RO          354    .text               c_p.l(indicate_semi.o)
    0x00002dd2   0x00000056   Code   RO          406    .text               c_p.l(__dczerorl2.o)
    0x00002e28   0x0000001c   Code   RO          183    i.__ARM_common_switch8  2d_graphic_driver.o
    0x00002e44   0x00000004   Data   RO           55    .constdata          scankey.o
    0x00002e48   0x00000010   Data   RO          210    .constdata          drvsys.o
    0x00002e58   0x00000020   Data   RO          404    Region$$Table       anon$$obj.o


    Execution Region ER_RW (Base: 0x20000000, Size: 0x00000a50, Max: 0xffffffff, ABSOLUTE, COMPRESSED[0x00000384])

    Base Addr    Size         Type   Attr      Idx    E Section Name        Object

    0x20000000   0x0000001c   Data   RW           18    .data               system_nuc1xx.o
    0x2000001c   0x00000010   Data   RW           88    .data               lcd_driver.o
    0x2000002c   0x000005f0   Data   RW          112    .data               ascii_table.o
    0x2000061c   0x0000000a   Data   RW          120    .data               seven_segment.o
    0x20000626   0x00000002   PAD
    0x20000628   0x00000410   Data   RW          139    .data               final_project_crab_coco_main.o
    0x20000a38   0x00000010   Data   RW          193    .data               drvgpio.o
    0x20000a48   0x00000008   Data   RW          211    .data               drvsys.o


    Execution Region ER_ZI (Base: 0x20000a50, Size: 0x00000948, Max: 0xffffffff, ABSOLUTE)

    Base Addr    Size         Type   Attr      Idx    E Section Name        Object

    0x20000a50   0x00000400   Zero   RW          138    .bss                final_project_crab_coco_main.o
    0x20000e50   0x000000e4   Zero   RW          231    .bss                c_p.l(rand.o)
    0x20000f34   0x00000060   Zero   RW          331    .bss                c_p.l(libspace.o)
    0x20000f94   0x00000004   PAD
    0x20000f98   0x00000000   Zero   RW           48    HEAP                startup_nuc1xx.o
    0x20000f98   0x00000400   Zero   RW           47    STACK               startup_nuc1xx.o


==============================================================================

Image component sizes


      Code (inc. data)   RO Data    RW Data    ZI Data      Debug   Object Name

      2086         26          0          0          0       5493   2d_graphic_driver.o
         0          0          0       1520          0        484   ascii_table.o
         0          0          0          0          0       4188   core_cm0.o
      3568        166          0         16          0      19779   drvgpio.o
      2696        140         16          8          0      13983   drvsys.o
       700         58          0       1040       1024      15388   final_project_crab_coco_main.o
      1180         16          0         16          0       3329   lcd_driver.o
       196          4          4          0          0     118415   scankey.o
       100          4          0         10          0       1775   seven_segment.o
       100         46        192          0       1024        744   startup_nuc1xx.o
       160         28          0         28          0     118888   system_nuc1xx.o

    ----------------------------------------------------------------------
     10788        488        244       2640       2048     302466   Object Totals
         0          0         32          0          0          0   (incl. Generated)
         2          0          0          2          0          0   (incl. Padding)

    ----------------------------------------------------------------------

      Code (inc. data)   RO Data    RW Data    ZI Data      Debug   Library Member Name

        86          0          0          0          0          0   __dczerorl2.o
         8          0          0          0          0         68   __main.o
        60          8          0          0          0          0   __scatter.o
        28          0          0          0          0          0   __scatter_zi.o
       346          0          0          0          0         92   aeabi_sdiv.o
        12          0          0          0          0         64   exit.o
         6          0          0          0          0        136   heapauxi.o
         0          0          0          0          0          0   indicate_semi.o
         6          0          0          0          0          0   libinit.o
         6          0          0          0          0          0   libinit2.o
         2          0          0          0          0          0   libshutdown.o
         2          0          0          0          0          0   libshutdown2.o
         8          4          0          0         96         68   libspace.o
       120         18          0          0        228        156   rand.o
        64          0          0          0          0        108   rt_memclr.o
         0          0          0          0          0          0   rtentry.o
        12          0          0          0          0          0   rtentry2.o
         6          0          0          0          0          0   rtentry4.o
         2          0          0          0          0          0   rtexit.o
        10          0          0          0          0          0   rtexit2.o
        12          4          0          0          0         60   sys_exit.o
        62          0          0          0          0         80   sys_stackheap_outer.o
         2          0          0          0          0         68   use_no_semi.o

    ----------------------------------------------------------------------
       864         34          0          0        328        900   Library Totals
         4          0          0          0          4          0   (incl. Padding)

    ----------------------------------------------------------------------

      Code (inc. data)   RO Data    RW Data    ZI Data      Debug   Library Name

       860         34          0          0        324        900   c_p.l

    ----------------------------------------------------------------------
       864         34          0          0        328        900   Library Totals

    ----------------------------------------------------------------------

==============================================================================


      Code (inc. data)   RO Data    RW Data    ZI Data      Debug   

     11652        522        244       2640       2376     302218   Grand Totals
     11652        522        244        900       2376     302218   ELF Image Totals (compressed)
     11652        522        244        900          0          0   ROM Totals

==============================================================================

    Total RO  Size (Code + RO Data)                11896 (  11.62kB)
    Total RW  Size (RW Data + ZI Data)              5016 (   4.90kB)
    Total ROM Size (Code + RO Data + RW Data)      12796 (  12.50kB)

==============================================================================

