<html>
<body>
<pre>
<h1>µVision Build Log</h1>
<h2>Project:</h2>
D:\Nuvoton\BSP Library\NUC100SeriesBSP_CMSIS_v1.05.003\NuvotonPlatform_Keil\Sample\EduSampleCode\FINA_project\final_project_crab_coco.uvproj
Project File Date:  01/09/2018

<h2>Output:</h2>
Rebuild target 'Target 1'
assembling startup_NUC1xx.s...
compiling core_cm0.c...
compiling system_NUC1xx.c...
..\..\..\..\CMSIS\CM0\DeviceSupport\Nuvoton\NUC1xx\NUC1xx.h(76): error:  #5: cannot open source input file "System\SysInfra.h": No such file or directory
compiling ScanKey.c...
..\..\..\Src\NUC1xx-LB_002\ScanKey.c(7): error:  #5: cannot open source input file "Driver\DrvGPIO.h": No such file or directory
compiling LCD_Driver.c...
..\..\..\Src\NUC1xx-LB_002\LCD_Driver.c(1): error:  #5: cannot open source input file "NUC1xx.h": No such file or directory
compiling Ascii_Table.C...
compiling Seven_Segment.c...
..\..\..\Src\NUC1xx-LB_002\Seven_Segment.c(2): error:  #5: cannot open source input file "NUC1xx.h": No such file or directory
compiling final_project_crab_coco_Main.c...
final_project_crab_coco_Main.c(11): error:  #5: cannot open source input file "Seven_Segment.h": No such file or directory
compiling DrvGPIO.c...
..\..\..\Src\Driver\DrvGPIO.c(7): error:  #5: cannot open source input file "NUC1xx.h": No such file or directory
compiling DrvSYS.c...
..\..\..\Src\Driver\DrvSYS.c(7): error:  #5: cannot open source input file "DrvSYS.h": No such file or directory
Target not created
Rebuild target 'Target 1'
assembling startup_NUC1xx.s...
compiling core_cm0.c...
compiling system_NUC1xx.c...
..\..\..\..\CMSIS\CM0\DeviceSupport\Nuvoton\NUC1xx\NUC1xx.h(76): error:  #5: cannot open source input file "System\SysInfra.h": No such file or directory
compiling ScanKey.c...
..\..\..\Src\NUC1xx-LB_002\ScanKey.c(7): error:  #5: cannot open source input file "Driver\DrvGPIO.h": No such file or directory
compiling LCD_Driver.c...
..\..\..\Src\NUC1xx-LB_002\LCD_Driver.c(1): error:  #5: cannot open source input file "NUC1xx.h": No such file or directory
compiling Ascii_Table.C...
compiling Seven_Segment.c...
..\..\..\Src\NUC1xx-LB_002\Seven_Segment.c(2): error:  #5: cannot open source input file "NUC1xx.h": No such file or directory
compiling final_project_crab_coco_Main.c...
final_project_crab_coco_Main.c(11): error:  #5: cannot open source input file "Seven_Segment.h": No such file or directory
compiling DrvGPIO.c...
..\..\..\Src\Driver\DrvGPIO.c(7): error:  #5: cannot open source input file "NUC1xx.h": No such file or directory
compiling DrvSYS.c...
..\..\..\Src\Driver\DrvSYS.c(7): error:  #5: cannot open source input file "DrvSYS.h": No such file or directory
Target not created
Rebuild target 'Target 1'
assembling startup_NUC1xx.s...
compiling core_cm0.c...
compiling system_NUC1xx.c...
..\..\..\..\CMSIS\CM0\DeviceSupport\Nuvoton\NUC1xx\NUC1xx.h(76): error:  #5: cannot open source input file "System\SysInfra.h": No such file or directory
compiling ScanKey.c...
..\..\..\Src\NUC1xx-LB_002\ScanKey.c(7): error:  #5: cannot open source input file "Driver\DrvGPIO.h": No such file or directory
compiling LCD_Driver.c...
..\..\..\Src\NUC1xx-LB_002\LCD_Driver.c(1): error:  #5: cannot open source input file "NUC1xx.h": No such file or directory
compiling Ascii_Table.C...
compiling Seven_Segment.c...
..\..\..\Src\NUC1xx-LB_002\Seven_Segment.c(2): error:  #5: cannot open source input file "NUC1xx.h": No such file or directory
compiling final_project_crab_coco_Main.c...
final_project_crab_coco_Main.c(11): error:  #5: cannot open source input file "Seven_Segment.h": No such file or directory
compiling DrvGPIO.c...
..\..\..\Src\Driver\DrvGPIO.c(7): error:  #5: cannot open source input file "NUC1xx.h": No such file or directory
compiling DrvSYS.c...
..\..\..\Src\Driver\DrvSYS.c(7): error:  #5: cannot open source input file "DrvSYS.h": No such file or directory
Target not created
Rebuild target 'Target 1'
assembling startup_NUC1xx.s...
startup_NUC1xx.s: error: A1023E: File "startup_NUC1xx.s" could not be opened: No such file or directory
Target not created
Rebuild target 'Target 1'
assembling startup_NUC1xx.s...
startup_NUC1xx.s: error: A1023E: File "startup_NUC1xx.s" could not be opened: No such file or directory
Target not created
Rebuild target 'Target 1'
assembling startup_NUC1xx.s...
startup_NUC1xx.s: error: A1023E: File "startup_NUC1xx.s" could not be opened: No such file or directory
Target not created
Rebuild target 'Target 1'
compiling core_cm0.c...
compiling system_NUC1xx.c...
..\..\..\..\CMSIS\CM0\DeviceSupport\Nuvoton\NUC1xx\NUC1xx.h(76): error:  #5: cannot open source input file "System\SysInfra.h": No such file or directory
assembling startup_NUC1xx.s...
compiling ScanKey.c...
..\..\..\Src\NUC1xx-LB_002\ScanKey.c(7): error:  #5: cannot open source input file "Driver\DrvGPIO.h": No such file or directory
compiling LCD_Driver.c...
..\..\..\Src\NUC1xx-LB_002\LCD_Driver.c(1): error:  #5: cannot open source input file "NUC1xx.h": No such file or directory
compiling Ascii_Table.C...
compiling Seven_Segment.c...
..\..\..\Src\NUC1xx-LB_002\Seven_Segment.c(2): error:  #5: cannot open source input file "NUC1xx.h": No such file or directory
compiling final_project_crab_coco_Main.c...
final_project_crab_coco_Main.c(11): error:  #5: cannot open source input file "Seven_Segment.h": No such file or directory
compiling DrvGPIO.c...
..\..\..\Src\Driver\DrvGPIO.c(7): error:  #5: cannot open source input file "NUC1xx.h": No such file or directory
compiling DrvSYS.c...
..\..\..\Src\Driver\DrvSYS.c(7): error:  #5: cannot open source input file "DrvSYS.h": No such file or directory
Target not created
Build target 'Target 1'
compiling system_NUC1xx.c...
..\..\..\..\CMSIS\CM0\DeviceSupport\Nuvoton\NUC1xx\NUC1xx.h(76): error:  #5: cannot open source input file "System\SysInfra.h": No such file or directory
compiling ScanKey.c...
..\..\..\Src\NUC1xx-LB_002\ScanKey.c(7): error:  #5: cannot open source input file "Driver\DrvGPIO.h": No such file or directory
compiling LCD_Driver.c...
..\..\..\Src\NUC1xx-LB_002\LCD_Driver.c(1): error:  #5: cannot open source input file "NUC1xx.h": No such file or directory
compiling Seven_Segment.c...
..\..\..\Src\NUC1xx-LB_002\Seven_Segment.c(2): error:  #5: cannot open source input file "NUC1xx.h": No such file or directory
compiling final_project_crab_coco_Main.c...
final_project_crab_coco_Main.c(11): error:  #5: cannot open source input file "Seven_Segment.h": No such file or directory
compiling DrvGPIO.c...
..\..\..\Src\Driver\DrvGPIO.c(7): error:  #5: cannot open source input file "NUC1xx.h": No such file or directory
compiling DrvSYS.c...
..\..\..\Src\Driver\DrvSYS.c(7): error:  #5: cannot open source input file "DrvSYS.h": No such file or directory
Target not created
Rebuild target 'Target 1'
compiling core_cm0.c...
compiling system_NUC1xx.c...
..\..\..\..\CMSIS\CM0\DeviceSupport\Nuvoton\NUC1xx\NUC1xx.h(76): error:  #5: cannot open source input file "System\SysInfra.h": No such file or directory
assembling startup_NUC1xx.s...
compiling ScanKey.c...
..\..\..\Src\NUC1xx-LB_002\ScanKey.c(7): error:  #5: cannot open source input file "Driver\DrvGPIO.h": No such file or directory
compiling LCD_Driver.c...
..\..\..\Src\NUC1xx-LB_002\LCD_Driver.c(1): error:  #5: cannot open source input file "NUC1xx.h": No such file or directory
compiling Ascii_Table.C...
compiling Seven_Segment.c...
..\..\..\Src\NUC1xx-LB_002\Seven_Segment.c(2): error:  #5: cannot open source input file "NUC1xx.h": No such file or directory
compiling final_project_crab_coco_Main.c...
final_project_crab_coco_Main.c(11): error:  #5: cannot open source input file "Seven_Segment.h": No such file or directory
compiling DrvGPIO.c...
..\..\..\Src\Driver\DrvGPIO.c(7): error:  #5: cannot open source input file "NUC1xx.h": No such file or directory
compiling DrvSYS.c...
..\..\..\Src\Driver\DrvSYS.c(7): error:  #5: cannot open source input file "DrvSYS.h": No such file or directory
Target not created
Rebuild target 'Target 1'
compiling core_cm0.c...
compiling system_NUC1xx.c...
assembling startup_NUC1xx.s...
compiling ScanKey.c...
compiling LCD_Driver.c...
compiling Ascii_Table.C...
compiling Seven_Segment.c...
compiling final_project_crab_coco_Main.c...
final_project_crab_coco_Main.c(68): warning:  #177-D: variable "c" was declared but never referenced
final_project_crab_coco_Main.c(69): warning:  #177-D: variable "a" was declared but never referenced
final_project_crab_coco_Main.c(69): warning:  #177-D: variable "b" was declared but never referenced
final_project_crab_coco_Main.c(157): warning:  #223-D: function "OpenKeyPad" declared implicitly
final_project_crab_coco_Main.c(189): warning:  #223-D: function "CircleBresenham" declared implicitly
final_project_crab_coco_Main.c(134): warning:  #177-D: variable "c" was declared but never referenced
compiling DrvGPIO.c...
compiling DrvSYS.c...
linking...
final_project_crab_coco.axf: Error: L6218E: Undefined symbol CircleBresenham (referred from final_project_crab_coco_main.o).
Target not created
Rebuild target 'Target 1'
compiling core_cm0.c...
compiling system_NUC1xx.c...
assembling startup_NUC1xx.s...
compiling ScanKey.c...
compiling LCD_Driver.c...
compiling Ascii_Table.C...
compiling Seven_Segment.c...
compiling final_project_crab_coco_Main.c...
final_project_crab_coco_Main.c(68): warning:  #177-D: variable "c" was declared but never referenced
final_project_crab_coco_Main.c(69): warning:  #177-D: variable "a" was declared but never referenced
final_project_crab_coco_Main.c(69): warning:  #177-D: variable "b" was declared but never referenced
final_project_crab_coco_Main.c(157): warning:  #223-D: function "OpenKeyPad" declared implicitly
final_project_crab_coco_Main.c(189): warning:  #223-D: function "CircleBresenham" declared implicitly
final_project_crab_coco_Main.c(134): warning:  #177-D: variable "c" was declared but never referenced
compiling 2D_Graphic_Driver.c...
2D_Graphic_Driver.c(8): error:  #5: cannot open source input file "2D_Graphic_Driver.h": No such file or directory
compiling DrvGPIO.c...
compiling DrvSYS.c...
Target not created
Rebuild target 'Target 1'
compiling core_cm0.c...
compiling system_NUC1xx.c...
assembling startup_NUC1xx.s...
compiling ScanKey.c...
compiling LCD_Driver.c...
compiling Ascii_Table.C...
compiling Seven_Segment.c...
compiling final_project_crab_coco_Main.c...
final_project_crab_coco_Main.c(68): warning:  #177-D: variable "c" was declared but never referenced
final_project_crab_coco_Main.c(69): warning:  #177-D: variable "a" was declared but never referenced
final_project_crab_coco_Main.c(69): warning:  #177-D: variable "b" was declared but never referenced
final_project_crab_coco_Main.c(157): warning:  #223-D: function "OpenKeyPad" declared implicitly
final_project_crab_coco_Main.c(189): warning:  #223-D: function "CircleBresenham" declared implicitly
final_project_crab_coco_Main.c(134): warning:  #177-D: variable "c" was declared but never referenced
compiling 2D_Graphic_Driver.c...
2D_Graphic_Driver.c(8): error:  #5: cannot open source input file "2D_Graphic_Driver.h": No such file or directory
compiling DrvGPIO.c...
compiling DrvSYS.c...
Target not created
Rebuild target 'Target 1'
compiling core_cm0.c...
compiling system_NUC1xx.c...
assembling startup_NUC1xx.s...
compiling ScanKey.c...
compiling LCD_Driver.c...
compiling Ascii_Table.C...
compiling Seven_Segment.c...
compiling final_project_crab_coco_Main.c...
final_project_crab_coco_Main.c(68): warning:  #177-D: variable "c" was declared but never referenced
final_project_crab_coco_Main.c(69): warning:  #177-D: variable "a" was declared but never referenced
final_project_crab_coco_Main.c(69): warning:  #177-D: variable "b" was declared but never referenced
final_project_crab_coco_Main.c(157): warning:  #223-D: function "OpenKeyPad" declared implicitly
final_project_crab_coco_Main.c(189): warning:  #223-D: function "CircleBresenham" declared implicitly
final_project_crab_coco_Main.c(134): warning:  #177-D: variable "c" was declared but never referenced
compiling 2D_Graphic_Driver.c...
2D_Graphic_Driver.c(8): error:  #5: cannot open source input file "2D_Graphic_Driver.h": No such file or directory
compiling DrvGPIO.c...
compiling DrvSYS.c...
Target not created
Rebuild target 'Target 1'
compiling core_cm0.c...
compiling system_NUC1xx.c...
assembling startup_NUC1xx.s...
compiling ScanKey.c...
compiling LCD_Driver.c...
compiling Ascii_Table.C...
compiling Seven_Segment.c...
compiling final_project_crab_coco_Main.c...
final_project_crab_coco_Main.c(68): warning:  #177-D: variable "c" was declared but never referenced
final_project_crab_coco_Main.c(69): warning:  #177-D: variable "a" was declared but never referenced
final_project_crab_coco_Main.c(69): warning:  #177-D: variable "b" was declared but never referenced
final_project_crab_coco_Main.c(157): warning:  #223-D: function "OpenKeyPad" declared implicitly
final_project_crab_coco_Main.c(189): warning:  #223-D: function "CircleBresenham" declared implicitly
final_project_crab_coco_Main.c(134): warning:  #177-D: variable "c" was declared but never referenced
compiling 2D_Graphic_Driver.c...
compiling DrvGPIO.c...
compiling DrvSYS.c...
linking...
Program Size: Code=11652 RO-data=244 RW-data=2640 ZI-data=2376  
"final_project_crab_coco.axf" - 0 Error(s), 6 Warning(s).
Load "D:\\Nuvoton\\BSP Library\\NUC100SeriesBSP_CMSIS_v1.05.003\\NuvotonPlatform_Keil\\Sample\\EduSampleCode\\FINA_project\\final_project_crab_coco.AXF" 
Erase Done.
Programming Done.
Verify OK.
